Flutter crash report.
Please report a bug at https://github.com/flutter/flutter/issues.

## command

flutter run -d emulator-5556 --no-pub

## exception

RPCError: _createDevFS: (1001) File system already exists
_createDevFS: file system 'clubship' already exists

```
#0      new _OutstandingRequest (package:vm_service/src/vm_service.dart:268:34)
#1      VmService._call.<anonymous closure> (package:vm_service/src/vm_service.dart:1950:25)
#2      VmService._call (package:vm_service/src/vm_service.dart:1962:8)
#3      VmService.callServiceExtension (package:vm_service/src/vm_service.dart:1901:14)
#4      FlutterVmService.createDevFS (package:flutter_tools/src/vmservice.dart:933:20)
#5      DevFS.create (package:flutter_tools/src/devfs.dart:536:61)
<asynchronous suspension>
#6      HotRunner._initDevFS (package:flutter_tools/src/run_hot.dart:488:9)
<asynchronous suspension>
#7      HotRunner._attach (package:flutter_tools/src/run_hot.dart:286:35)
<asynchronous suspension>
#8      RunCommand.runCommand (package:flutter_tools/src/commands/run.dart:904:26)
<asynchronous suspension>
#9      FlutterCommand.run.<anonymous closure> (package:flutter_tools/src/runner/flutter_command.dart:1590:27)
<asynchronous suspension>
#10     AppContext.run.<anonymous closure> (package:flutter_tools/src/base/context.dart:154:19)
<asynchronous suspension>
#11     CommandRunner.runCommand (package:args/command_runner.dart:212:13)
<asynchronous suspension>
#12     FlutterCommandRunner.runCommand.<anonymous closure> (package:flutter_tools/src/runner/flutter_command_runner.dart:496:9)
<asynchronous suspension>
#13     AppContext.run.<anonymous closure> (package:flutter_tools/src/base/context.dart:154:19)
<asynchronous suspension>
#14     FlutterCommandRunner.runCommand (package:flutter_tools/src/runner/flutter_command_runner.dart:431:5)
<asynchronous suspension>
#15     FlutterCommandRunner.run.<anonymous closure> (package:flutter_tools/src/runner/flutter_command_runner.dart:307:33)
<asynchronous suspension>
#16     run.<anonymous closure>.<anonymous closure> (package:flutter_tools/runner.dart:104:11)
<asynchronous suspension>
#17     AppContext.run.<anonymous closure> (package:flutter_tools/src/base/context.dart:154:19)
<asynchronous suspension>
#18     main (package:flutter_tools/executable.dart:103:3)
<asynchronous suspension>
```

## flutter doctor

```
[✓] Flutter (Channel stable, 3.41.6, on macOS 26.2 25C56 darwin-arm64, locale en-JP) [366ms]
    • Flutter version 3.41.6 on channel stable at /Users/humashaikh/development/flutter
    • Upstream repository https://github.com/flutter/flutter.git
    • Framework revision db50e20168 (7 weeks ago), 2026-03-25 16:21:00 -0700
    • Engine revision 425cfb54d0
    • Dart version 3.11.4
    • DevTools version 2.54.2
    • Feature flags: enable-web, enable-linux-desktop, enable-macos-desktop, enable-windows-desktop, enable-android, enable-ios, cli-animations, enable-native-assets, omit-legacy-version-file, enable-lldb-debugging, enable-uiscene-migration

[!] Android toolchain - develop for Android devices (Android SDK version 35.0.0) [7.9s]
    • Android SDK at /Users/humashaikh/Library/Android/sdk
    • Emulator version 36.1.9.0 (build_id 13823996) (CL:N/A)
    • Platform android-36, build-tools 35.0.0
    • Java binary at: /Applications/Android Studio.app/Contents/jbr/Contents/Home/bin/java
      This is the JDK bundled with the latest Android Studio installation on this machine.
      To manually set the JDK path, use: `flutter config --jdk-dir="path/to/jdk"`.
    • Java version OpenJDK Runtime Environment (build 21.0.7+-13880790-b1038.58)
    ! Some Android licenses not accepted. To resolve this, run: flutter doctor --android-licenses

[✓] Xcode - develop for iOS and macOS (Xcode 26.4.1) [2.5s]
    • Xcode at /Applications/Xcode.app/Contents/Developer
    • Build 17E202
    • CocoaPods version 1.16.2

[✓] Chrome - develop for the web [3ms]
    • Chrome at /Applications/Google Chrome.app/Contents/MacOS/Google Chrome

[✓] Connected device (5 available) [8.0s]
    • Pixel Tablet (mobile)       • emulator-5554             • android-arm64  • Android 15 (API 35) (emulator)
    • sdk gphone64 arm64 (mobile) • emulator-5556             • android-arm64  • Android 16 (API 36) (emulator)
    • Huma farheen (mobile)       • 00008110-001C71C114EA801E • ios            • iOS 26.4.2 23E261
    • macOS (desktop)             • macos                     • darwin-arm64   • macOS 26.2 25C56 darwin-arm64
    • Chrome (web)                • chrome                    • web-javascript • Google Chrome 148.0.7778.98
    ! Error: Browsing on the local area network for Harman 12. Ensure the device is unlocked and attached with a cable or associated with the same local area network as this Mac.
      The device must be opted into Developer Mode to connect wirelessly. (code -27)
    ! Error: Browsing on the local area network for Huma Shaikh’s iPhone. Ensure the device is unlocked and attached with a cable or associated with the same local area network as this Mac.
      The device must be opted into Developer Mode to connect wirelessly. (code -27)

[✓] Network resources [892ms]
    • All expected network resources are available.

! Doctor found issues in 1 category.
```
